> 1 | [1m[36mversion[0m: [1m[33m4[0m
      ^