>       - [1m[33mgithub.com/fe3dback/go-yaml   [0m # custom fork (need propose back PR)
           ^