> 12 | var test = [1m[32m"world"[0m
                                          ^